(ERROR in parser: Missing left parenthesis at token: ))
