(ERROR in parser: Missing right parenthesis at token: ()
